// Jest Snapshot v1, https://goo.gl/fbAQLP

exports[`<ApplicationLauncher /> <ApplicationLauncher /> matches snapshot 1`] = `
preact-render-spy (1 nodes)
-------
<i
  class="ApplicationLauncher"
  applicationClassName="Application"
  applicationActiveClassName="Application__Active"
>
</i>

`;
