// Jest Snapshot v1, https://goo.gl/fbAQLP

exports[`<ApplicationLauncherButton /> <ApplicationLauncherButton /> matches snapshot 1`] = `
preact-render-spy (1 nodes)
-------
<div>
  <button
    type="button"
    class="ApplicationLauncherButton"
    onClick={[Function anonymous]}
  >
    <svg
      xmlns="http://www.w3.org/2000/svg"
      width="24"
      height="24"
      viewBox="0 0 24 24"
    >
      <path d="M4 8h4V4H4v4zm6 12h4v-4h-4v4zm-6 0h4v-4H4v4zm0-6h4v-4H4v4zm6 0h4v-4h-4v4zm6-10v4h4V4h-4zm-6 4h4V4h-4v4zm6 6h4v-4h-4v4zm0 6h4v-4h-4v4z"></path>
      <path
        d="M0 0h24v24H0z"
        fill="none"
      >
      </path>
    </svg>
  </button>
  <aside class="ApplicationLauncherModal">
    <i grid={true}></i>
  </aside>
</div>

`;
