// Jest Snapshot v1, https://goo.gl/fbAQLP

exports[`<ApplicationContainer /> <ApplicationrContainer /> matches snapshot 1`] = `
preact-render-spy (1 nodes)
-------
<div class="ApplicationContainer"></div>

`;
